// Jest Snapshot v1, https://goo.gl/fbAQLP

exports[`Markdown snapshot renders markdown with headings and text 1`] = `
<div>
  <h1>
    Hello
  </h1>
  

  <p>
    This is a test of 
    <strong>
      Markdown
    </strong>
    .
  </p>
</div>
`;
